[INFO] Scanning for projects...
[INFO] ------------------------------------------------------------------------
[INFO] Reactor Build Order:
[INFO] 
[INFO] angu-resume-job-matcher                                            [pom]
[INFO] angu-common                                                        [jar]
[INFO] angu-system                                                        [jar]
[INFO] angu-framework                                                     [jar]
[INFO] angu-admin                                                         [jar]
[INFO] 
[INFO] ------------------< com.angu:angu-resume-job-matcher >------------------
[INFO] Building angu-resume-job-matcher 1.0.0                             [1/5]
[INFO]   from pom.xml
[INFO] --------------------------------[ pom ]---------------------------------
[INFO] 
[INFO] --- clean:3.2.0:clean (default-clean) @ angu-resume-job-matcher ---
[INFO] 
[INFO] ------------------------< com.angu:angu-common >------------------------
[INFO] Building angu-common 1.0.0                                         [2/5]
[INFO]   from angu-common/pom.xml
[INFO] --------------------------------[ jar ]---------------------------------
[INFO] 
[INFO] --- clean:3.2.0:clean (default-clean) @ angu-common ---
[INFO] Deleting /Users/zhanglei/cz/project/softwareCopyright/angu-resume-job-matcher/angu-common/target
[INFO] 
[INFO] --- resources:3.4.0:resources (default-resources) @ angu-common ---
[INFO] skip non existing resourceDirectory /Users/zhanglei/cz/project/softwareCopyright/angu-resume-job-matcher/angu-common/src/main/resources
[INFO] 
[INFO] --- compiler:3.13.0:compile (default-compile) @ angu-common ---
[INFO] Recompiling the module because of changed source code.
[INFO] Compiling 9 source files with javac [debug parameters release 21] to target/classes
WARNING: A terminally deprecated method in sun.misc.Unsafe has been called
WARNING: sun.misc.Unsafe::objectFieldOffset has been called by lombok.permit.Permit
WARNING: Please consider reporting this to the maintainers of class lombok.permit.Permit
WARNING: sun.misc.Unsafe::objectFieldOffset will be removed in a future release
[INFO] 
[INFO] ------------------------< com.angu:angu-system >------------------------
[INFO] Building angu-system 1.0.0                                         [3/5]
[INFO]   from angu-system/pom.xml
[INFO] --------------------------------[ jar ]---------------------------------
[INFO] 
[INFO] --- clean:3.2.0:clean (default-clean) @ angu-system ---
[INFO] Deleting /Users/zhanglei/cz/project/softwareCopyright/angu-resume-job-matcher/angu-system/target
[INFO] 
[INFO] --- resources:3.4.0:resources (default-resources) @ angu-system ---
[INFO] Copying 12 resources from src/main/resources to target/classes
[INFO] 
[INFO] --- compiler:3.13.0:compile (default-compile) @ angu-system ---
[INFO] Recompiling the module because of changed dependency.
[INFO] Compiling 57 source files with javac [debug parameters release 21] to target/classes
[INFO] 
[INFO] ----------------------< com.angu:angu-framework >-----------------------
[INFO] Building angu-framework 1.0.0                                      [4/5]
[INFO]   from angu-framework/pom.xml
[INFO] --------------------------------[ jar ]---------------------------------
[INFO] 
[INFO] --- clean:3.2.0:clean (default-clean) @ angu-framework ---
[INFO] Deleting /Users/zhanglei/cz/project/softwareCopyright/angu-resume-job-matcher/angu-framework/target
[INFO] 
[INFO] --- resources:3.4.0:resources (default-resources) @ angu-framework ---
[INFO] skip non existing resourceDirectory /Users/zhanglei/cz/project/softwareCopyright/angu-resume-job-matcher/angu-framework/src/main/resources
[INFO] 
[INFO] --- compiler:3.13.0:compile (default-compile) @ angu-framework ---
[INFO] Recompiling the module because of changed dependency.
[INFO] Compiling 10 source files with javac [debug parameters release 21] to target/classes
[INFO] 
[INFO] ------------------------< com.angu:angu-admin >-------------------------
[INFO] Building angu-admin 1.0.0                                          [5/5]
[INFO]   from angu-admin/pom.xml
[INFO] --------------------------------[ jar ]---------------------------------
[INFO] 
[INFO] --- clean:3.2.0:clean (default-clean) @ angu-admin ---
[INFO] Deleting /Users/zhanglei/cz/project/softwareCopyright/angu-resume-job-matcher/angu-admin/target
[INFO] 
[INFO] --- resources:3.4.0:resources (default-resources) @ angu-admin ---
[INFO] Copying 2 resources from src/main/resources to target/classes
[INFO] 
[INFO] --- compiler:3.13.0:compile (default-compile) @ angu-admin ---
[INFO] Recompiling the module because of changed dependency.
[INFO] Compiling 11 source files with javac [debug parameters release 21] to target/classes
[INFO] ------------------------------------------------------------------------
[INFO] Reactor Summary for angu-resume-job-matcher 1.0.0:
[INFO] 
[INFO] angu-resume-job-matcher ............................ SUCCESS [  0.308 s]
[INFO] angu-common ........................................ SUCCESS [  5.362 s]
[INFO] angu-system ........................................ SUCCESS [  4.512 s]
[INFO] angu-framework ..................................... SUCCESS [  2.181 s]
[INFO] angu-admin ......................................... SUCCESS [  1.620 s]
[INFO] ------------------------------------------------------------------------
[INFO] BUILD SUCCESS
[INFO] ------------------------------------------------------------------------
[INFO] Total time:  14.722 s
[INFO] Finished at: 2026-05-27T14:34:58+08:00
[INFO] ------------------------------------------------------------------------
